// Jest Snapshot v1, https://goo.gl/fbAQLP

exports[`Workspace Name snapshot 1`] = `
<div
  className="pf-c-form__group inputFormGroup"
>
  <div
    className="pf-c-form__group-control"
  >
    <input
      aria-invalid={false}
      aria-label={null}
      className="pf-c-form-control"
      data-ouia-component-id="OUIA-Generated-TextInputBase-1"
      data-ouia-component-type="PF4/TextInput"
      data-ouia-safe={true}
      disabled={false}
      id="wrks-name-input"
      maxLength={64}
      onBlur={[Function]}
      onChange={[Function]}
      onFocus={[Function]}
      placeholder="Enter a name for the sample workspace (Optional)"
      required={false}
      type="text"
      value=""
    />
  </div>
</div>
`;
