// Jest Snapshot v1, https://goo.gl/fbAQLP

exports[`GitConfigSectionUser snapshot 1`] = `
<div
  className="pf-c-panel"
>
  <div
    className="pf-c-panel__main"
    style={
      {
        "--pf-c-panel__main--MaxHeight": undefined,
      }
    }
  >
    <div
      className="pf-c-panel__main-body"
    >
      <form
        className="pf-c-form pf-m-horizontal"
        noValidate={true}
        onSubmit={[Function]}
      >
        <section
          aria-labelledby="pf-form-section-title0"
          className="pf-c-form__section"
          label="user"
          role="group"
        >
          <div
            className="pf-c-form__section-title"
            id="pf-form-section-title0"
          >
            [user]
          </div>
          <button
            onClick={[Function]}
          >
            Change Name
          </button>
          <button
            onClick={[Function]}
          >
            Change Email
          </button>
        </section>
      </form>
    </div>
  </div>
</div>
`;
