// Jest Snapshot v1, https://goo.gl/fbAQLP

exports[`DropdownEditors component snapshot 1`] = `
<div
  className="pf-c-dropdown pf-m-expanded"
  data-ouia-component-id="OUIA-Generated-Dropdown-1"
  data-ouia-component-type="PF4/Dropdown"
  data-ouia-safe={true}
>
  <button
    aria-expanded={true}
    aria-haspopup={true}
    aria-label="Actions"
    className="pf-c-dropdown__toggle"
    disabled={false}
    id="pf-dropdown-toggle-id-0"
    onClick={[Function]}
    onKeyDown={[Function]}
    type="button"
  >
    <svg
      aria-hidden={true}
      aria-labelledby={null}
      fill="currentColor"
      height="1em"
      role="img"
      style={
        {
          "verticalAlign": "-0.125em",
        }
      }
      viewBox="0 0 192 512"
      width="1em"
    >
      <path
        d="M96 184c39.8 0 72 32.2 72 72s-32.2 72-72 72-72-32.2-72-72 32.2-72 72-72zM24 80c0 39.8 32.2 72 72 72s72-32.2 72-72S135.8 8 96 8 24 40.2 24 80zm0 352c0 39.8 32.2 72 72 72s72-32.2 72-72-32.2-72-72-72-72 32.2-72 72z"
      />
    </svg>
  </button>
  <ul
    aria-labelledby="pf-dropdown-toggle-id-0"
    autoFocus={false}
    className="pf-c-dropdown__menu"
    hidden={false}
    role="menu"
  >
    <div
      className="pf-c-dropdown pf-m-align-right"
      data-ouia-component-id="OUIA-Generated-Dropdown-2"
      data-ouia-component-type="PF4/Dropdown"
      data-ouia-safe={true}
      data-testid="card-actions-dropdown"
      onClick={[Function]}
      style={
        {
          "whiteSpace": "nowrap",
        }
      }
    >
      <button
        aria-expanded={false}
        aria-haspopup={true}
        aria-label="Actions"
        className="pf-c-dropdown__toggle pf-m-plain"
        disabled={false}
        id="pf-dropdown-toggle-id-1"
        onClick={[Function]}
        onKeyDown={[Function]}
        type="button"
      >
        <svg
          aria-hidden={true}
          aria-labelledby={null}
          fill="currentColor"
          height="1em"
          role="img"
          style={
            {
              "verticalAlign": "-0.125em",
            }
          }
          viewBox="0 0 192 512"
          width="1em"
        >
          <path
            d="M96 184c39.8 0 72 32.2 72 72s-32.2 72-72 72-72-32.2-72-72 32.2-72 72-72zM24 80c0 39.8 32.2 72 72 72s72-32.2 72-72S135.8 8 96 8 24 40.2 24 80zm0 352c0 39.8 32.2 72 72 72s72-32.2 72-72-32.2-72-72-72-72 32.2-72 72z"
          />
        </svg>
      </button>
    </div>
  </ul>
</div>
`;
