// Jest Snapshot v1, https://goo.gl/fbAQLP

exports[`WorkspaceActionsDropdown dropdown toggle snapshot 1`] = `
<div
  className="pf-c-dropdown workspaceActionSelector"
  data-ouia-component-id="OUIA-Generated-Dropdown-3"
  data-ouia-component-type="PF4/Dropdown"
  data-ouia-safe={true}
>
  <button
    aria-expanded={false}
    aria-haspopup={true}
    aria-label="Actions"
    className="pf-c-dropdown__toggle pf-m-primary"
    data-ouia-component-id="OUIA-Generated-DropdownToggle-1"
    data-ouia-component-type="PF4/DropdownToggle"
    data-ouia-safe={true}
    data-testid="1234-action-dropdown"
    data-testtype="dropdown-toggle"
    disabled={false}
    id="pf-dropdown-toggle-id-3"
    onClick={[Function]}
    onKeyDown={[Function]}
    type="button"
  >
    <span
      className="pf-c-dropdown__toggle-text"
    >
      Actions
    </span>
    <span
      className="pf-c-dropdown__toggle-icon"
    >
      <svg
        aria-hidden={true}
        aria-labelledby={null}
        fill="currentColor"
        height="1em"
        role="img"
        style={
          {
            "verticalAlign": "-0.125em",
          }
        }
        viewBox="0 0 320 512"
        width="1em"
      >
        <path
          d="M31.3 192h257.3c17.8 0 26.7 21.5 14.1 34.1L174.1 354.8c-7.8 7.8-20.5 7.8-28.3 0L17.2 226.1C4.6 213.5 13.5 192 31.3 192z"
        />
      </svg>
    </span>
  </button>
</div>
`;

exports[`WorkspaceActionsDropdown kebab toggle snapshot 1`] = `
<div
  className="pf-c-dropdown workspaceActionSelector"
  data-ouia-component-id="OUIA-Generated-Dropdown-1"
  data-ouia-component-type="PF4/Dropdown"
  data-ouia-safe={true}
>
  <button
    aria-expanded={false}
    aria-haspopup={true}
    aria-label="Actions"
    className="pf-c-dropdown__toggle"
    data-testid="1234-action-dropdown"
    data-testtype="kebab-toggle"
    disabled={false}
    id="pf-dropdown-toggle-id-0"
    onClick={[Function]}
    onKeyDown={[Function]}
    type="button"
  >
    <svg
      aria-hidden={true}
      aria-labelledby={null}
      fill="currentColor"
      height="1em"
      role="img"
      style={
        {
          "verticalAlign": "-0.125em",
        }
      }
      viewBox="0 0 192 512"
      width="1em"
    >
      <path
        d="M96 184c39.8 0 72 32.2 72 72s-32.2 72-72 72-72-32.2-72-72 32.2-72 72-72zM24 80c0 39.8 32.2 72 72 72s72-32.2 72-72S135.8 8 96 8 24 40.2 24 80zm0 352c0 39.8 32.2 72 72 72s72-32.2 72-72-32.2-72-72-72-72 32.2-72 72z"
      />
    </svg>
  </button>
</div>
`;
