// Jest Snapshot v1, https://goo.gl/fbAQLP

exports[`GitConfigForm snapshot 1`] = `
<section
  className="pf-c-page__main-section pf-m-light"
>
  <form
    className="pf-c-form pf-m-horizontal"
    noValidate={true}
    onSubmit={[Function]}
  >
    <div>
      <div
        data-testid="user-email"
      >
        test@che
      </div>
      <div
        data-testid="user-name"
      >
        test
      </div>
      <button
        onClick={[Function]}
      >
        Change Email Valid
      </button>
    </div>
    <div
      className="pf-l-flex"
    >
      <button
        aria-disabled={true}
        aria-label={null}
        className="pf-c-button pf-m-primary pf-m-disabled"
        data-ouia-component-id="OUIA-Generated-Button-primary-1"
        data-ouia-component-type="PF4/Button"
        data-ouia-safe={true}
        data-testid="button-save"
        disabled={true}
        onClick={[Function]}
        role={null}
        tabIndex={null}
        type="button"
      >
        Save
      </button>
      <button
        aria-disabled={false}
        aria-label={null}
        className="pf-c-button pf-m-secondary"
        data-ouia-component-id="OUIA-Generated-Button-secondary-1"
        data-ouia-component-type="PF4/Button"
        data-ouia-safe={true}
        data-testid="button-reload"
        disabled={false}
        onClick={[Function]}
        role={null}
        type="reset"
      >
        Reload
      </button>
    </div>
  </form>
</section>
`;
