// Jest Snapshot v1, https://goo.gl/fbAQLP

exports[`PersonalAccessTokenList should match the snapshot 1`] = `
<section
  className="pf-c-page__main-section"
>
  <div
    data-testid="personal-access-token-list-toolbar"
  >
    <button
      disabled={false}
      onClick={[Function]}
    >
      Add Token
    </button>
    <button
      disabled={false}
      onClick={[Function]}
    >
      Delete
    </button>
  </div>
  <table
    aria-label="Personal Access Tokens List"
    className="pf-c-table pf-m-grid-md pf-m-compact"
    data-ouia-component-id="OUIA-Generated-Table-1"
    data-ouia-component-type="PF4/Table"
    data-ouia-safe={true}
    role="grid"
  >
    <thead
      className=""
    >
      <tr
        aria-label=""
        className=""
        data-ouia-component-id="OUIA-Generated-TableRow-1"
        data-ouia-component-type="PF4/TableRow"
        data-ouia-safe={true}
        hidden={false}
      >
        <td
          className="pf-c-table__check"
          onMouseEnter={[Function]}
          scope={null}
        >
          <label>
            <input
              aria-label="Select all rows"
              checked={false}
              name="check-all"
              onChange={[Function]}
              type="checkbox"
            />
          </label>
        </td>
        <th
          className=""
          onMouseEnter={[Function]}
          scope="col"
        >
          Name
        </th>
        <th
          className=""
          onMouseEnter={[Function]}
          scope="col"
        >
          Provider
        </th>
        <th
          className=""
          onMouseEnter={[Function]}
          scope="col"
        >
          Endpoint
        </th>
        <td
          className=""
          onMouseEnter={[Function]}
        />
      </tr>
    </thead>
    <tbody
      className=""
      role="rowgroup"
    >
      <tr
        aria-label=""
        className=""
        data-ouia-component-id="OUIA-Generated-TableRow-2"
        data-ouia-component-type="PF4/TableRow"
        data-ouia-safe={true}
        hidden={false}
      >
        <td
          className="pf-c-table__check"
          onMouseEnter={[Function]}
        >
          <label>
            <input
              aria-label="Select row 0"
              checked={false}
              name="checkrow0"
              onChange={[Function]}
              type="checkbox"
            />
          </label>
        </td>
        <td
          className=""
          data-label="Name"
          onMouseEnter={[Function]}
        >
          token-name-1
        </td>
        <td
          className=""
          data-label="Provider"
          onMouseEnter={[Function]}
        >
          github
        </td>
        <td
          className=""
          data-label="Endpoint"
          onMouseEnter={[Function]}
        >
          https://github.com
        </td>
        <td
          className="pf-c-table__action"
          onMouseEnter={[Function]}
        >
          <div
            className="pf-c-dropdown pf-m-align-right"
            data-ouia-component-id="OUIA-Generated-Dropdown-1"
            data-ouia-component-type="PF4/Dropdown"
            data-ouia-safe={true}
          >
            <button
              aria-expanded={false}
              aria-haspopup={true}
              aria-label="Actions"
              className="pf-c-dropdown__toggle pf-m-plain"
              disabled={false}
              id="pf-dropdown-toggle-id-0"
              onClick={[Function]}
              onKeyDown={[Function]}
              type="button"
            >
              <svg
                aria-hidden={true}
                aria-labelledby={null}
                fill="currentColor"
                height="1em"
                role="img"
                style={
                  {
                    "verticalAlign": "-0.125em",
                  }
                }
                viewBox="0 0 192 512"
                width="1em"
              >
                <path
                  d="M96 184c39.8 0 72 32.2 72 72s-32.2 72-72 72-72-32.2-72-72 32.2-72 72-72zM24 80c0 39.8 32.2 72 72 72s72-32.2 72-72S135.8 8 96 8 24 40.2 24 80zm0 352c0 39.8 32.2 72 72 72s72-32.2 72-72-32.2-72-72-72-72 32.2-72 72z"
                />
              </svg>
            </button>
          </div>
        </td>
      </tr>
      <tr
        aria-label=""
        className=""
        data-ouia-component-id="OUIA-Generated-TableRow-3"
        data-ouia-component-type="PF4/TableRow"
        data-ouia-safe={true}
        hidden={false}
      >
        <td
          className="pf-c-table__check"
          onMouseEnter={[Function]}
        >
          <label>
            <input
              aria-label="Select row 1"
              checked={false}
              name="checkrow1"
              onChange={[Function]}
              type="checkbox"
            />
          </label>
        </td>
        <td
          className=""
          data-label="Name"
          onMouseEnter={[Function]}
        >
          token-name-2
        </td>
        <td
          className=""
          data-label="Provider"
          onMouseEnter={[Function]}
        >
          azure-devops
        </td>
        <td
          className=""
          data-label="Endpoint"
          onMouseEnter={[Function]}
        >
          https://dev.azure.com
        </td>
        <td
          className="pf-c-table__action"
          onMouseEnter={[Function]}
        >
          <div
            className="pf-c-dropdown pf-m-align-right"
            data-ouia-component-id="OUIA-Generated-Dropdown-2"
            data-ouia-component-type="PF4/Dropdown"
            data-ouia-safe={true}
          >
            <button
              aria-expanded={false}
              aria-haspopup={true}
              aria-label="Actions"
              className="pf-c-dropdown__toggle pf-m-plain"
              disabled={false}
              id="pf-dropdown-toggle-id-1"
              onClick={[Function]}
              onKeyDown={[Function]}
              type="button"
            >
              <svg
                aria-hidden={true}
                aria-labelledby={null}
                fill="currentColor"
                height="1em"
                role="img"
                style={
                  {
                    "verticalAlign": "-0.125em",
                  }
                }
                viewBox="0 0 192 512"
                width="1em"
              >
                <path
                  d="M96 184c39.8 0 72 32.2 72 72s-32.2 72-72 72-72-32.2-72-72 32.2-72 72-72zM24 80c0 39.8 32.2 72 72 72s72-32.2 72-72S135.8 8 96 8 24 40.2 24 80zm0 352c0 39.8 32.2 72 72 72s72-32.2 72-72-32.2-72-72-72-72 32.2-72 72z"
                />
              </svg>
            </button>
          </div>
        </td>
      </tr>
    </tbody>
  </table>
</section>
`;
