// Jest Snapshot v1, https://goo.gl/fbAQLP

exports[`GitRepoLocationInput snapshot 1`] = `
<div
  className="pf-c-panel"
>
  <div
    className="pf-c-panel__header"
  >
    <h3
      className="pf-c-title pf-m-lg"
      data-ouia-component-id="OUIA-Generated-Title-1"
      data-ouia-component-type="PF4/Title"
      data-ouia-safe={true}
    >
      Import from Git
    </h3>
  </div>
  <div
    className="pf-c-panel__main"
    style={
      {
        "--pf-c-panel__main--MaxHeight": undefined,
      }
    }
  >
    <div
      className="pf-c-panel__main-body"
    >
      <form
        className="pf-c-form pf-m-horizontal"
        noValidate={true}
        onSubmit={[Function]}
      >
        <div
          className="pf-c-form__group"
        >
          <div
            className="pf-c-form__group-label"
          >
            <label
              className="pf-c-form__label"
              htmlFor="git-repo-url"
            >
              <span
                className="pf-c-form__label-text"
              >
                Git repo URL
              </span>
              <span
                aria-hidden="true"
                className="pf-c-form__label-required"
              >
                 
                *
              </span>
            </label>
             
          </div>
          <div
            className="pf-c-form__group-control"
          >
            <div
              className="pf-l-flex"
            >
              <div
                className="pf-m-grow"
                style={
                  {
                    "maxWidth": "500px",
                    "minWidth": "70%",
                  }
                }
              >
                <input
                  aria-invalid={false}
                  aria-label="HTTPS or SSH URL"
                  className="pf-c-form-control"
                  data-ouia-component-id="OUIA-Generated-TextInputBase-1"
                  data-ouia-component-type="PF4/TextInput"
                  data-ouia-safe={true}
                  disabled={false}
                  id="git-repo-url"
                  onBlur={[Function]}
                  onChange={[Function]}
                  onFocus={[Function]}
                  placeholder="Enter HTTPS or SSH URL"
                  required={false}
                  type="text"
                />
              </div>
              <div
                className=""
              >
                <button
                  aria-disabled={true}
                  aria-label={null}
                  className="pf-c-button pf-m-secondary pf-m-disabled"
                  data-ouia-component-id="OUIA-Generated-Button-secondary-1"
                  data-ouia-component-type="PF4/Button"
                  data-ouia-safe={true}
                  disabled={true}
                  id="create-and-open-button"
                  onClick={[Function]}
                  role={null}
                  tabIndex={null}
                  type="button"
                >
                  Create & Open
                </button>
              </div>
            </div>
            <div
              aria-live="polite"
              className="pf-c-form__helper-text"
              id="git-repo-url-helper"
            >
              Import from a Git repository to create your first workspace.
            </div>
          </div>
        </div>
      </form>
    </div>
  </div>
</div>
`;
