// Jest Snapshot v1, https://goo.gl/fbAQLP

exports[`EditorDefinitionField snapshot 1`] = `
<div
  className="pf-c-form__group"
>
  <div
    className="pf-c-form__group-label"
  >
    <label
      className="pf-c-form__label"
    >
      <span
        className="pf-c-form__label-text"
      >
        Editor Image
      </span>
    </label>
     
  </div>
  <div
    className="pf-c-form__group-control"
  >
    <input
      aria-invalid={false}
      aria-label="Editor Image"
      className="pf-c-form-control"
      data-ouia-component-id="OUIA-Generated-TextInputBase-1"
      data-ouia-component-type="PF4/TextInput"
      data-ouia-safe={true}
      disabled={false}
      onBlur={[Function]}
      onChange={[Function]}
      onFocus={[Function]}
      placeholder="Enter an editor container image"
      required={false}
      type="text"
      value=""
    />
  </div>
</div>
`;
