// Jest Snapshot v1, https://goo.gl/fbAQLP

exports[`GitConfigForm snapshot with predefined git configuration 1`] = `
<div>
  <input
    data-testid="submit-invalid-git-config"
    onClick={[Function]}
    type="button"
  />
  <input
    data-testid="submit-valid-git-config"
    onClick={[Function]}
    type="button"
  />
</div>
`;

exports[`GitConfigForm snapshot without predefined git configuration 1`] = `
<div>
  <input
    data-testid="submit-invalid-git-config"
    onClick={[Function]}
    type="button"
  />
  <input
    data-testid="submit-valid-git-config"
    onClick={[Function]}
    type="button"
  />
</div>
`;
