// Jest Snapshot v1, https://goo.gl/fbAQLP

exports[`SshPrivateKey snapshot 1`] = `
<form
  className="pf-c-form"
  noValidate={true}
>
  <div
    className="pf-c-form__group"
  >
    <div
      className="pf-c-form__group-label"
    >
      <label
        className="pf-c-form__label"
        htmlFor="ssh-private-key"
      >
        <span
          className="pf-c-form__label-text"
        >
          Private Key
        </span>
        <span
          aria-hidden="true"
          className="pf-c-form__label-required"
        >
           
          *
        </span>
      </label>
       
    </div>
    <div
      className="pf-c-form__group-control"
    >
      <div>
        <span
          data-testid="ssh-private-key-validated"
        >
          default
        </span>
        <input
          data-testid="ssh-private-key-upload"
          id="ssh-private-key-upload"
          onChange={[Function]}
          placeholder="Upload the PRIVATE key"
        />
        <input
          data-testid="ssh-private-key-textarea"
          id="ssh-private-key-textarea"
          onChange={[Function]}
          placeholder="Or paste the PRIVATE key"
        />
      </div>
    </div>
  </div>
</form>
`;
