// Jest Snapshot v1, https://goo.gl/fbAQLP

exports[`BulkSelector kebab toggle snapshot with elements 1`] = `
<div
  className="pf-c-select selector"
  data-ouia-component-id="OUIA-Generated-Select-checkbox-1"
  data-ouia-component-type="PF4/Select"
  data-ouia-safe={true}
>
  <button
    aria-expanded={false}
    aria-haspopup={null}
    aria-label="Options menu"
    aria-labelledby=" pf-select-toggle-id-0"
    className="pf-c-select__toggle"
    disabled={false}
    id="pf-select-toggle-id-0"
    onClick={[Function]}
    onKeyDown={[Function]}
    type="button"
  >
    <div
      className="pf-c-select__toggle-wrapper"
    >
      <span
        className="pf-c-select__toggle-text"
      >
        Bulk Selector
      </span>
    </div>
    <span
      className="pf-c-select__toggle-arrow"
    >
      <svg
        aria-hidden={true}
        aria-labelledby={null}
        fill="currentColor"
        height="1em"
        role="img"
        style={
          {
            "verticalAlign": "-0.125em",
          }
        }
        viewBox="0 0 320 512"
        width="1em"
      >
        <path
          d="M31.3 192h257.3c17.8 0 26.7 21.5 14.1 34.1L174.1 354.8c-7.8 7.8-20.5 7.8-28.3 0L17.2 226.1C4.6 213.5 13.5 192 31.3 192z"
        />
      </svg>
    </span>
  </button>
</div>
`;

exports[`BulkSelector kebab toggle snapshot with empty list 1`] = `null`;
