// Jest Snapshot v1, https://goo.gl/fbAQLP

exports[`The workspace status label component should render ERROR status correctly 1`] = `
<span
  className="pf-c-label pf-m-red"
>
  <span
    className="pf-c-label__content"
  >
    <span
      className="pf-c-label__icon"
    >
      <svg
        aria-hidden={true}
        aria-labelledby={null}
        fill="red"
        height="1em"
        role="img"
        style={
          Object {
            "verticalAlign": "-0.125em",
          }
        }
        viewBox="0 0 512 512"
        width="1em"
      >
        <path
          d="M504 256c0 136.997-111.043 248-248 248S8 392.997 8 256C8 119.083 119.043 8 256 8s248 111.083 248 248zm-248 50c-25.405 0-46 20.595-46 46s20.595 46 46 46 46-20.595 46-46-20.595-46-46-46zm-43.673-165.346l7.418 136c.347 6.364 5.609 11.346 11.982 11.346h48.546c6.373 0 11.635-4.982 11.982-11.346l7.418-136c.375-6.874-5.098-12.654-11.982-12.654h-63.383c-6.884 0-12.356 5.78-11.981 12.654z"
          transform=""
        />
      </svg>
    </span>
    Error
  </span>
</span>
`;

exports[`The workspace status label component should render PAUSE status correctly 1`] = `
<span
  className="pf-c-label pf-m-orange"
>
  <span
    className="pf-c-label__content"
  >
    <span
      className="pf-c-label__icon"
    >
      <svg
        aria-hidden={true}
        aria-labelledby={null}
        fill="orange"
        height="1em"
        role="img"
        style={
          Object {
            "verticalAlign": "-0.125em",
          }
        }
        viewBox="0 0 512 512"
        width="1em"
      >
        <path
          d="M256 8C119 8 8 119 8 256s111 248 248 248 248-111 248-248S393 8 256 8zm-16 328c0 8.8-7.2 16-16 16h-48c-8.8 0-16-7.2-16-16V176c0-8.8 7.2-16 16-16h48c8.8 0 16 7.2 16 16v160zm112 0c0 8.8-7.2 16-16 16h-48c-8.8 0-16-7.2-16-16V176c0-8.8 7.2-16 16-16h48c8.8 0 16 7.2 16 16v160z"
          transform=""
        />
      </svg>
    </span>
    paused
  </span>
</span>
`;

exports[`The workspace status label component should render RUNNING status correctly 1`] = `
<span
  className="pf-c-label pf-m-green"
>
  <span
    className="pf-c-label__content"
  >
    <span
      className="pf-c-label__icon"
    >
      <svg
        aria-hidden={true}
        aria-labelledby={null}
        fill="green"
        height="1em"
        role="img"
        style={
          Object {
            "verticalAlign": "-0.125em",
          }
        }
        viewBox="0 64 1024 1024"
        width="1em"
      >
        <path
          d="M512 109.714c-181.486 0-329.143 147.657-329.143 329.143s147.657 329.143 329.143 329.143c181.486 0 329.143-147.657 329.143-329.143s-147.657-329.143-329.143-329.143zM954.743 694.171c45.714-78.4 68.571-164.114 68.571-256.914s-22.857-178.514-68.571-256.914c-45.714-78.4-107.886-140.571-186.286-186.286s-164.114-68.571-256.914-68.571c-92.8 0-178.514 22.857-256.914 68.571s-140.571 107.886-186.286 186.286c-45.486 78.4-68.343 164.114-68.343 256.914s22.857 178.514 68.571 256.914c45.714 78.4 107.886 140.343 186.286 186.057s164.114 68.571 256.914 68.571c92.8 0 178.514-22.857 256.914-68.571 78.171-45.714 140.343-107.657 186.057-186.057zM677.257 829.714c-52.571 22.629-107.886 34.057-165.486 34.057-57.829 0-112.914-11.429-165.486-34.057s-97.829-53.029-136-90.971c-37.943-37.943-68.343-83.2-90.971-136-22.629-52.571-34.057-107.886-34.057-165.486 0-57.829 11.429-112.914 34.057-165.486s53.029-97.829 90.971-136c37.943-37.943 83.2-68.343 136-90.971 52.571-22.629 107.886-34.057 165.486-34.057 57.829 0 112.914 11.429 165.486 34.057s97.829 53.029 136 90.971c37.943 37.943 68.343 83.2 90.971 136 22.629 52.571 34.057 107.886 34.057 165.486 0 57.829-11.429 112.914-34.057 165.486s-53.029 97.829-90.971 136c-37.943 37.943-83.429 68.343-136 90.971z"
          transform="rotate(180 0 512) scale(-1 1)"
        />
      </svg>
    </span>
    Running
  </span>
</span>
`;

exports[`The workspace status label component should render STOPPED status correctly 1`] = `
<span
  className="pf-c-label"
  style={
    Object {
      "color": "grey",
    }
  }
>
  <span
    className="pf-c-label__content"
  >
    <span
      className="pf-c-label__icon"
    >
      <svg
        aria-hidden="true"
        fill="#151515"
        height="1em"
        role="img"
        style={
          Object {
            "verticalAlign": "-0.125em",
          }
        }
        viewBox="0 0 16 16"
        width="1em"
      >
        <path
          d="M8.001,0 C3.589,0 0,3.590 0,8 C0,12.410 3.590,16 8.001,16 C12.412,16 16,12.410
               16,8 C16,3.589 12.4125,0 8.001,0 Z M8,14 C4.690,14 2,11.310 2,8 C2,4.692 4.690,2
               8,2 C11.307,2 14,4.690 14,8 C14,11.309 11.307,14 8,14 Z"
        />
        <path
          d="M8.001,3.5 C5.519,3.5 3.5,5.520 3.5,8 C3.5,10.481 5.520,12.5 8.000,12.5 C10.482,12.5 12.5,10.481
               12.5,8 C12.5,5.519 10.482,3.5 8.000,3.5 Z M8,10.75 C6.483,10.75 5.25,9.517 5.25,8 C5.25,6.484
               6.483,5.25 8,5.25 C9.516,5.25 10.75,6.483 10.75,8 C10.75,9.516 9.516,10.75 8,10.75 Z"
        />
      </svg>
    </span>
    Stopped
  </span>
</span>
`;

exports[`The workspace status label component should render default status correctly 1`] = `
<span
  className="pf-c-label pf-m-blue"
>
  <span
    className="pf-c-label__content"
  >
    <span
      className="pf-c-label__icon"
    >
      <svg
        aria-hidden={true}
        aria-labelledby={null}
        fill="blue"
        height="1em"
        role="img"
        style={
          Object {
            "verticalAlign": "-0.125em",
          }
        }
        viewBox="0 64 1024 1024"
        width="1em"
      >
        <path
          d="M193.536 38.18l67.438 116.736c-5.705 5.047-11.337 10.24-16.75 15.579-34.231 33.938-61.221 73.801-80.896 119.662-6.729 15.653-12.215 31.598-16.677 47.909l-134.875-9.289c6.729-30.574 16.311-60.27 28.818-89.015 26.99-62.025 63.634-116.37 110.007-162.962 13.678-13.751 28.014-26.624 43.081-38.619zM175.689 608.548l-120.32 60.709c-5.266-10.24-10.167-20.699-14.848-31.378-22.382-51.419-35.474-105.765-39.278-163.109l135.387 9.362c4.242 34.231 13.093 66.999 26.697 98.304 3.877 8.923 7.973 17.627 12.434 26.112v0zM983.479 637.879c-26.99 62.025-63.707 116.151-110.007 162.523s-100.498 83.017-162.523 110.007-128.366 40.521-199.022 40.521v-138.313c50.834-0.293 98.67-10.094 143.579-29.55 45.568-19.675 85.431-46.665 119.662-80.896s61.221-74.094 80.896-119.662 29.55-94.135 29.55-145.847-9.874-100.425-29.55-146.359c-19.675-45.861-46.665-85.723-80.896-119.662s-74.094-60.709-119.662-80.457-94.135-29.55-145.847-29.55c-42.935 0-83.822 6.802-122.514 20.407l-67.511-116.955c60.123-24.795 124.197-37.23 192.293-37.23 70.656 0 136.997 13.385 199.022 40.009s116.151 63.342 162.523 110.007 83.017 101.010 110.007 162.962 40.521 128.366 40.521 199.022c0 70.656-13.531 136.997-40.521 199.022z"
          transform="rotate(180 0 512) scale(-1 1)"
        />
      </svg>
    </span>
    Starting
  </span>
</span>
`;
