// Jest Snapshot v1, https://goo.gl/fbAQLP

exports[`SSH keys list snapshot 1`] = `
<section
  className="pf-c-page__main-section"
>
  <div
    data-testid="ssh-keys-list-entry"
  >
    <span>
      key-name-1
    </span>
    <button
      onClick={[Function]}
    >
      Delete
    </button>
  </div>
  <div
    data-testid="ssh-keys-list-entry"
  >
    <span>
      key-name-2
    </span>
    <button
      onClick={[Function]}
    >
      Delete
    </button>
  </div>
</section>
`;
