// Jest Snapshot v1, https://goo.gl/fbAQLP

exports[`Registry Username Input snapshot 1`] = `
<form
  className="pf-c-form"
  noValidate={true}
>
  <div
    className="pf-c-form__group"
  >
    <div
      className="pf-c-form__group-label"
    >
      <label
        className="pf-c-form__label"
        htmlFor="provider-name"
      >
        <span
          className="pf-c-form__label-text"
        >
          Provider Name
        </span>
      </label>
       
    </div>
    <div
      className="pf-c-form__group-control"
    >
      <div
        className="pf-c-dropdown"
        data-ouia-component-id="OUIA-Generated-Dropdown-1"
        data-ouia-component-type="PF4/Dropdown"
        data-ouia-safe={true}
      >
        <button
          aria-expanded={false}
          aria-haspopup={true}
          className="pf-c-dropdown__toggle"
          data-ouia-component-id="OUIA-Generated-DropdownToggle-1"
          data-ouia-component-type="PF4/DropdownToggle"
          data-ouia-safe={true}
          disabled={false}
          id="toggle-initial-selection"
          onClick={[Function]}
          onKeyDown={[Function]}
          type="button"
        >
          <span
            className="pf-c-dropdown__toggle-text"
          >
            GitHub
          </span>
          <span
            className="pf-c-dropdown__toggle-icon"
          >
            <svg
              aria-hidden={true}
              aria-labelledby={null}
              fill="currentColor"
              height="1em"
              role="img"
              style={
                {
                  "verticalAlign": "-0.125em",
                }
              }
              viewBox="0 0 320 512"
              width="1em"
            >
              <path
                d="M31.3 192h257.3c17.8 0 26.7 21.5 14.1 34.1L174.1 354.8c-7.8 7.8-20.5 7.8-28.3 0L17.2 226.1C4.6 213.5 13.5 192 31.3 192z"
              />
            </svg>
          </span>
        </button>
      </div>
    </div>
  </div>
</form>
`;
