// Jest Snapshot v1, https://goo.gl/fbAQLP

exports[`Expandable warning items should correctly render the component 1`] = `
<div
  className="pf-c-content"
>
  <small
    className=""
    data-pf-content={true}
  >
    Lorem ipsum dolor sit amet, consectetur adipiscing elit. Morbi non sollicitudin lorem, a suscipit massa. Cras egestas ante vel est pulvinar, a elementum orci faucibus. Etiam in risus et augue sollicitudin facilisis. Class aptent taciti sociosqu ad litora torquent per conubia nostra, per inceptos himenaeos. Vivamus ligula arcu, imperdiet hendrerit nulla varius, molestie volutpat nunc.
  </small>
  <small
    className=""
    data-pf-content={true}
  >
    <div
      className="pf-c-code-block error"
    >
      <div
        className="pf-c-code-block__header"
      >
        <div
          className="pf-c-code-block__actions"
        >
          <div
            className="pf-c-code-block__actions-item"
          >
            <button
              aria-disabled={false}
              aria-label={null}
              className="pf-c-button pf-m-link pf-m-small"
              data-ouia-component-id="OUIA-Generated-Button-link-1"
              data-ouia-component-type="PF4/Button"
              data-ouia-safe={true}
              disabled={false}
              onClick={[Function]}
              role={null}
              type="button"
            >
              <svg
                aria-hidden={true}
                aria-labelledby={null}
                fill="currentColor"
                height="1em"
                role="img"
                style={
                  Object {
                    "verticalAlign": "-0.125em",
                  }
                }
                viewBox="0 0 448 512"
                width="1em"
              >
                <path
                  d="M320 448v40c0 13.255-10.745 24-24 24H24c-13.255 0-24-10.745-24-24V120c0-13.255 10.745-24 24-24h72v296c0 30.879 25.121 56 56 56h168zm0-344V0H152c-13.255 0-24 10.745-24 24v368c0 13.255 10.745 24 24 24h272c13.255 0 24-10.745 24-24V128H344c-13.2 0-24-10.8-24-24zm120.971-31.029L375.029 7.029A24 24 0 0 0 358.059 0H352v96h96v-6.059a24 24 0 0 0-7.029-16.97z"
                />
              </svg>
              Â 
              Copy to clipboard
            </button>
          </div>
        </div>
      </div>
      <div
        className="pf-c-code-block__content"
      >
        <pre
          className="pf-c-code-block__pre"
        >
          <code
            className="pf-c-code-block__code"
          >
            <small
              className="hideOverflow"
              data-pf-content={true}
              data-testid="expandable-warning-error-message"
              id="expandable-warning-error-message"
            >
              Ut venenatis, purus ut ultrices luctus, nisi leo rutrum tortor, id sagittis nisl augue ac risus. In hac habitasse platea dictumst. Curabitur vitae dui eu elit egestas consectetur ac sed lacus. Nam nisl arcu, mollis eget tempor consequat, egestas nec lacus. Sed elementum, nibh id suscipit accumsan, metus mauris ultrices nisi, ut gravida sapien ipsum at elit. Maecenas in ultrices ex, id efficitur ante. Nulla facilisi.
            </small>
          </code>
        </pre>
      </div>
    </div>
  </small>
  <small
    className=""
    data-pf-content={true}
  >
    Sed iaculis dictum nibh nec varius. Pellentesque ac diam vestibulum nisl condimentum feugiat. Sed et est in dolor posuere pharetra. Aliquam sodales lorem eu velit efficitur vestibulum. Praesent ornare ut tellus nec cursus. Proin at hendrerit metus, sed placerat justo. Cras id hendrerit ante, et consequat orci. Ut ante ipsum, eleifend sit amet iaculis quis, scelerisque eget mi. Pellentesque aliquam porttitor neque ut consectetur. Vivamus euismod elit velit, eget suscipit sem euismod vitae. Quisque sagittis, felis ut rhoncus vestibulum, arcu dui tincidunt quam, sit amet congue ligula dolor id sapien.
  </small>
</div>
`;
