// Jest Snapshot v1, https://goo.gl/fbAQLP

exports[`InputGroupExtended snapshots readonly 1`] = `
<span
  className="readonly"
>
  value
</span>
`;

exports[`InputGroupExtended snapshots required 1`] = `
<div
  className="pf-c-input-group nameInput"
>
  <input
    data-testid="text-input"
  />
  <button
    aria-disabled={true}
    aria-label={null}
    className="pf-c-button pf-m-plain pf-m-disabled"
    data-ouia-component-id="OUIA-Generated-Button-plain-1"
    data-ouia-component-type="PF4/Button"
    data-ouia-safe={true}
    data-testid="button-remove"
    disabled={true}
    onClick={[Function]}
    role={null}
    tabIndex={null}
    type="button"
  >
    <svg
      aria-hidden={true}
      aria-labelledby={null}
      fill="currentColor"
      height="1em"
      role="img"
      style={
        {
          "verticalAlign": "-0.125em",
        }
      }
      viewBox="0 0 512 512"
      width="1em"
    >
      <path
        d="M256 8C119 8 8 119 8 256s111 248 248 248 248-111 248-248S393 8 256 8zM124 296c-6.6 0-12-5.4-12-12v-56c0-6.6 5.4-12 12-12h264c6.6 0 12 5.4 12 12v56c0 6.6-5.4 12-12 12H124z"
      />
    </svg>
  </button>
</div>
`;
