// Jest Snapshot v1, https://goo.gl/fbAQLP

exports[`GitServicesList snapshot 1`] = `
[
  <div
    data-testid="git-services-toolbar"
  >
    <div>
      GitServicesToolbar
    </div>
    <div
      data-testid="revoke-is-disabled"
    >
      false
    </div>
    <div
      data-testid="selected-items-count"
    >
      0
    </div>
    <button
      onClick={[Function]}
    >
      Revoke
    </button>
  </div>,
  <table
    aria-label="Git Services"
    className="pf-c-table pf-m-grid-md pf-m-compact"
    data-ouia-component-id="OUIA-Generated-Table-1"
    data-ouia-component-type="PF4/Table"
    data-ouia-safe={true}
    role="grid"
  >
    <thead
      className=""
    >
      <tr
        aria-label=""
        className=""
        data-ouia-component-id="OUIA-Generated-TableRow-1"
        data-ouia-component-type="PF4/TableRow"
        data-ouia-safe={true}
        hidden={false}
      >
        <th
          className=""
          onMouseEnter={[Function]}
          scope={null}
        />
        <th
          className=""
          data-label="Git Service Name Column Header"
          onMouseEnter={[Function]}
          scope="col"
        >
          Name
        </th>
        <th
          className=""
          data-label="Git Service Endpoint URL Column Header"
          onMouseEnter={[Function]}
          scope="col"
        >
          Server
        </th>
        <th
          className=""
          data-label="Git Service Authorization Status Column Header"
          onMouseEnter={[Function]}
          scope="col"
        >
          Authorization
        </th>
        <th
          className=""
          data-label="Git Service Actions Column Header"
          onMouseEnter={[Function]}
          scope={null}
        />
      </tr>
    </thead>
    <tbody
      className=""
      role="rowgroup"
    >
      <tr
        aria-label=""
        className=""
        data-ouia-component-id="OUIA-Generated-TableRow-2"
        data-ouia-component-type="PF4/TableRow"
        data-ouia-safe={true}
        data-testid="bitbucket"
        hidden={false}
      >
        <td
          className="pf-c-table__check"
          data-label="Git Service Checkbox"
          onMouseEnter={[Function]}
        >
          <label>
            <input
              aria-label="Select row 0"
              checked={false}
              disabled={true}
              name="checkrow0"
              onChange={[Function]}
              type="checkbox"
            />
          </label>
        </td>
        <td
          className=""
          data-label="Git Service Name"
          onMouseEnter={[Function]}
        >
          Bitbucket
           
          <span
            data-testid="git-service-tooltip"
          >
            <span>
              isVisible: 
              false
            </span>
          </span>
        </td>
        <td
          className=""
          data-label="Git Service Endpoint URL"
          onMouseEnter={[Function]}
        >
          <a
            aria-disabled={false}
            aria-label={null}
            className="pf-c-button pf-m-link pf-m-inline"
            data-ouia-component-id="OUIA-Generated-Button-link-1"
            data-ouia-component-type="PF4/Button"
            data-ouia-safe={true}
            disabled={null}
            href="https://bitbucket.com"
            rel="noreferer"
            role={null}
            target="_blank"
            type={null}
          >
            https://bitbucket.com
          </a>
        </td>
        <td
          className=""
          data-label="Git Service Authorization"
          onMouseEnter={[Function]}
        >
          <span
            data-testid="git-service-status-icon"
          >
            <span>
              Authentication Status Icon for 
              bitbucket
            </span>
          </span>
        </td>
        <td
          className="pf-c-table__action"
          data-label="Git Service Actions"
          onMouseEnter={[Function]}
        >
          <div
            className="pf-c-dropdown pf-m-align-right"
            data-ouia-component-id="OUIA-Generated-Dropdown-1"
            data-ouia-component-type="PF4/Dropdown"
            data-ouia-safe={true}
          >
            <button
              aria-expanded={false}
              aria-haspopup={true}
              aria-label="Actions"
              className="pf-c-dropdown__toggle pf-m-plain"
              disabled={true}
              id="pf-dropdown-toggle-id-0"
              onClick={[Function]}
              onKeyDown={[Function]}
              type="button"
            >
              <svg
                aria-hidden={true}
                aria-labelledby={null}
                fill="currentColor"
                height="1em"
                role="img"
                style={
                  {
                    "verticalAlign": "-0.125em",
                  }
                }
                viewBox="0 0 192 512"
                width="1em"
              >
                <path
                  d="M96 184c39.8 0 72 32.2 72 72s-32.2 72-72 72-72-32.2-72-72 32.2-72 72-72zM24 80c0 39.8 32.2 72 72 72s72-32.2 72-72S135.8 8 96 8 24 40.2 24 80zm0 352c0 39.8 32.2 72 72 72s72-32.2 72-72-32.2-72-72-72-72 32.2-72 72z"
                />
              </svg>
            </button>
          </div>
        </td>
      </tr>
      <tr
        aria-label=""
        className=""
        data-ouia-component-id="OUIA-Generated-TableRow-3"
        data-ouia-component-type="PF4/TableRow"
        data-ouia-safe={true}
        data-testid="github"
        hidden={false}
      >
        <td
          className="pf-c-table__check"
          data-label="Git Service Checkbox"
          onMouseEnter={[Function]}
        >
          <label>
            <input
              aria-label="Select row 1"
              checked={false}
              name="checkrow1"
              onChange={[Function]}
              type="checkbox"
            />
          </label>
        </td>
        <td
          className=""
          data-label="Git Service Name"
          onMouseEnter={[Function]}
        >
          GitHub
           
          <span
            data-testid="git-service-tooltip"
          >
            <span>
              isVisible: 
              false
            </span>
          </span>
        </td>
        <td
          className=""
          data-label="Git Service Endpoint URL"
          onMouseEnter={[Function]}
        >
          <a
            aria-disabled={false}
            aria-label={null}
            className="pf-c-button pf-m-link pf-m-inline"
            data-ouia-component-id="OUIA-Generated-Button-link-2"
            data-ouia-component-type="PF4/Button"
            data-ouia-safe={true}
            disabled={null}
            href="https://github.com"
            rel="noreferer"
            role={null}
            target="_blank"
            type={null}
          >
            https://github.com
          </a>
        </td>
        <td
          className=""
          data-label="Git Service Authorization"
          onMouseEnter={[Function]}
        >
          <span
            data-testid="git-service-status-icon"
          >
            <span>
              Authentication Status Icon for 
              github
            </span>
          </span>
        </td>
        <td
          className="pf-c-table__action"
          data-label="Git Service Actions"
          onMouseEnter={[Function]}
        >
          <div
            className="pf-c-dropdown pf-m-align-right"
            data-ouia-component-id="OUIA-Generated-Dropdown-2"
            data-ouia-component-type="PF4/Dropdown"
            data-ouia-safe={true}
          >
            <button
              aria-expanded={false}
              aria-haspopup={true}
              aria-label="Actions"
              className="pf-c-dropdown__toggle pf-m-plain"
              disabled={false}
              id="pf-dropdown-toggle-id-1"
              onClick={[Function]}
              onKeyDown={[Function]}
              type="button"
            >
              <svg
                aria-hidden={true}
                aria-labelledby={null}
                fill="currentColor"
                height="1em"
                role="img"
                style={
                  {
                    "verticalAlign": "-0.125em",
                  }
                }
                viewBox="0 0 192 512"
                width="1em"
              >
                <path
                  d="M96 184c39.8 0 72 32.2 72 72s-32.2 72-72 72-72-32.2-72-72 32.2-72 72-72zM24 80c0 39.8 32.2 72 72 72s72-32.2 72-72S135.8 8 96 8 24 40.2 24 80zm0 352c0 39.8 32.2 72 72 72s72-32.2 72-72-32.2-72-72-72-72 32.2-72 72z"
                />
              </svg>
            </button>
          </div>
        </td>
      </tr>
      <tr
        aria-label=""
        className=""
        data-ouia-component-id="OUIA-Generated-TableRow-4"
        data-ouia-component-type="PF4/TableRow"
        data-ouia-safe={true}
        data-testid="gitlab"
        hidden={false}
      >
        <td
          className="pf-c-table__check"
          data-label="Git Service Checkbox"
          onMouseEnter={[Function]}
        >
          <label>
            <input
              aria-label="Select row 2"
              checked={false}
              name="checkrow2"
              onChange={[Function]}
              type="checkbox"
            />
          </label>
        </td>
        <td
          className=""
          data-label="Git Service Name"
          onMouseEnter={[Function]}
        >
          GitLab
           
          <span
            data-testid="git-service-tooltip"
          >
            <span>
              isVisible: 
              false
            </span>
          </span>
        </td>
        <td
          className=""
          data-label="Git Service Endpoint URL"
          onMouseEnter={[Function]}
        >
          <a
            aria-disabled={false}
            aria-label={null}
            className="pf-c-button pf-m-link pf-m-inline"
            data-ouia-component-id="OUIA-Generated-Button-link-3"
            data-ouia-component-type="PF4/Button"
            data-ouia-safe={true}
            disabled={null}
            href="https://gitlab.com"
            rel="noreferer"
            role={null}
            target="_blank"
            type={null}
          >
            https://gitlab.com
          </a>
        </td>
        <td
          className=""
          data-label="Git Service Authorization"
          onMouseEnter={[Function]}
        >
          <span
            data-testid="git-service-status-icon"
          >
            <span>
              Authentication Status Icon for 
              gitlab
            </span>
          </span>
        </td>
        <td
          className="pf-c-table__action"
          data-label="Git Service Actions"
          onMouseEnter={[Function]}
        >
          <div
            className="pf-c-dropdown pf-m-align-right"
            data-ouia-component-id="OUIA-Generated-Dropdown-3"
            data-ouia-component-type="PF4/Dropdown"
            data-ouia-safe={true}
          >
            <button
              aria-expanded={false}
              aria-haspopup={true}
              aria-label="Actions"
              className="pf-c-dropdown__toggle pf-m-plain"
              disabled={false}
              id="pf-dropdown-toggle-id-2"
              onClick={[Function]}
              onKeyDown={[Function]}
              type="button"
            >
              <svg
                aria-hidden={true}
                aria-labelledby={null}
                fill="currentColor"
                height="1em"
                role="img"
                style={
                  {
                    "verticalAlign": "-0.125em",
                  }
                }
                viewBox="0 0 192 512"
                width="1em"
              >
                <path
                  d="M96 184c39.8 0 72 32.2 72 72s-32.2 72-72 72-72-32.2-72-72 32.2-72 72-72zM24 80c0 39.8 32.2 72 72 72s72-32.2 72-72S135.8 8 96 8 24 40.2 24 80zm0 352c0 39.8 32.2 72 72 72s72-32.2 72-72-32.2-72-72-72-72 32.2-72 72z"
                />
              </svg>
            </button>
          </div>
        </td>
      </tr>
    </tbody>
  </table>,
]
`;
